// Jest Snapshot v1, https://goo.gl/fbAQLP

exports[`useFetch should return the data from the server 1`] = `
Array [
  Object {
    "completed": "true",
    "description": "playing",
    "id": 1,
    "priority": "true",
  },
]
`;
